[2025-08-11 16:32:11] Iniciando actualización para carrera ID: 1
[2025-08-11 16:32:11] Transacción iniciada
[2025-08-11 16:32:11] Preparando verificación: SELECT id_carrera FROM carreras WHERE cod_carrera = ? AND id_carrera != ?
[2025-08-11 16:32:11] Resultados de verificación: 0
[2025-08-11 16:32:11] Preparando actualización: UPDATE carreras SET 
            nombre_carrera = ?,
            cod_carrera = ?,
            tipo_formacion = ?,
            duracion_semestres = ?,
            titulo_otorga = ?,
            otro_titulo = ?,
            descripcion = ?,
            activa = ?,
            updated_at = NOW()
            WHERE id_carrera = ?
[2025-08-11 16:32:11] Rollback por excepción
[2025-08-11 16:32:11] Excepción: Unknown column 'updated_at' in 'field list'
[2025-08-11 16:32:19] Iniciando actualización para carrera ID: 1
[2025-08-11 16:32:19] Transacción iniciada
[2025-08-11 16:32:19] Preparando verificación: SELECT id_carrera FROM carreras WHERE cod_carrera = ? AND id_carrera != ?
[2025-08-11 16:32:19] Resultados de verificación: 0
[2025-08-11 16:32:19] Preparando actualización: UPDATE carreras SET 
            nombre_carrera = ?,
            cod_carrera = ?,
            tipo_formacion = ?,
            duracion_semestres = ?,
            titulo_otorga = ?,
            otro_titulo = ?,
            descripcion = ?,
            activa = ?,
            updated_at = NOW()
            WHERE id_carrera = ?
[2025-08-11 16:32:19] Rollback por excepción
[2025-08-11 16:32:19] Excepción: Unknown column 'updated_at' in 'field list'
